Wed, Sep  9, 2026  6:16:34 AM: The Extraction Phase started...
Wed, Sep  9, 2026  6:16:35 AM: Checking if the raw folder exists in the current directory...
Wed, Sep  9, 2026  6:16:35 AM: The raw folder does not exist. Creating Folder ./raw/....
Wed, Sep  9, 2026  6:16:35 AM: The raw folder ./raw/ created.
Wed, Sep  9, 2026  6:16:35 AM: Checking if the ./raw/raw_csv.csv file exists in the folder and not empty...
Wed, Sep  9, 2026  6:16:35 AM: Creating the file ./raw/raw_csv.csv...
Wed, Sep  9, 2026  6:16:35 AM: The file creation complete. Proceeding to download...
The csv file downloaded and output redirected to ./raw/raw_csv.csv
Extraction process complete. Proceeding to Transformation...
Wed, Sep  9, 2026  6:16:43 AM: The Transformation phase started...
Wed, Sep  9, 2026  6:16:43 AM: Renaming the column Variable_code to variable_code
Wed, Sep  9, 2026  6:16:44 AM: Column Variable_code renamed to variable_code and backup of original saved as ./raw/raw_csv.csv.bckup
Wed, Sep  9, 2026  6:16:45 AM: Checking if the ./Transformed/2023_year_finance.csv already exist and not empty...
Wed, Sep  9, 2026  6:16:45 AM: The file does not exist. Creating file...
Wed, Sep  9, 2026  6:16:45 AM: File ./Transformed/2023_year_finance.csv created. Proceeding to extracting the necessary columns...
Wed, Sep  9, 2026  6:16:47 AM: Columns extracted and saved as 2023_year_finance.csv in the ./Transformed/ folder
Wed, Sep  9, 2026  6:16:47 AM: The Transformation phase complete. Proceeding to the Load Phase...
Wed, Sep  9, 2026  6:16:53 AM: The Extraction Phase started...
Wed, Sep  9, 2026  6:16:53 AM: Checking if the raw folder exists in the current directory...
Wed, Sep  9, 2026  6:16:54 AM: The raw folder ./raw/ exists.
Wed, Sep  9, 2026  6:16:54 AM: Checking if the ./raw/raw_csv.csv file exists in the folder and not empty...
Wed, Sep  9, 2026  6:16:54 AM: The ./raw/raw_csv.csv file exists in the folder and not empty. Skipping Download and proceeding to the Transform Phase
Extraction process complete. Proceeding to Transformation...
Wed, Sep  9, 2026  6:16:54 AM: The Transformation phase started...
Wed, Sep  9, 2026  6:16:55 AM: Checking if the ./Transformed/2023_year_finance.csv already exist and not empty...
Wed, Sep  9, 2026  6:16:55 AM: The ./Transformed/2023_year_finance.csv already exist and not empty. Proceeding to the Load Phase
Wed, Sep  9, 2026  6:45:18 AM: The Extraction Phase started...
Wed, Sep  9, 2026  6:45:18 AM: Checking if the raw folder exists in the current directory...
Wed, Sep  9, 2026  6:45:18 AM: The raw folder ./raw/ exists.
Wed, Sep  9, 2026  6:45:19 AM: Checking if the ./raw/raw_csv.csv file exists in the folder and not empty...
Wed, Sep  9, 2026  6:45:19 AM: The ./raw/raw_csv.csv file exists in the folder and not empty. Skipping Download and proceeding to the Transform Phase
Extraction process complete. Proceeding to Transformation...
Wed, Sep  9, 2026  6:45:19 AM: The Transformation phase started...
Wed, Sep  9, 2026  6:45:20 AM: Checking if the ./Transformed/2023_year_finance.csv already exist and not empty...
Wed, Sep  9, 2026  6:45:20 AM: The ./Transformed/2023_year_finance.csv already exist and not empty. Proceeding to the Load Phase
Wed, Sep  9, 2026  6:45:20 AM: The Load Phase started...
Wed, Sep  9, 2026  6:45:20 AM: Checking if the Gold folder ./Gold/ exists...
Wed, Sep  9, 2026  6:45:59 AM: The Extraction Phase started...
Wed, Sep  9, 2026  6:45:59 AM: Checking if the raw folder exists in the current directory...
Wed, Sep  9, 2026  6:45:59 AM: The raw folder ./raw/ exists.
Wed, Sep  9, 2026  6:46:00 AM: Checking if the ./raw/raw_csv.csv file exists in the folder and not empty...
Wed, Sep  9, 2026  6:46:00 AM: The ./raw/raw_csv.csv file exists in the folder and not empty. Skipping Download and proceeding to the Transform Phase
Extraction process complete. Proceeding to Transformation...
Wed, Sep  9, 2026  6:46:01 AM: The Transformation phase started...
Wed, Sep  9, 2026  6:46:01 AM: Checking if the ./Transformed/2023_year_finance.csv already exist and not empty...
Wed, Sep  9, 2026  6:46:01 AM: The ./Transformed/2023_year_finance.csv already exist and not empty. Proceeding to the Load Phase
Wed, Sep  9, 2026  6:46:02 AM: The Load Phase started...
Wed, Sep  9, 2026  6:46:02 AM: Checking if the Gold folder ./Gold/ exists...
Wed, Sep  9, 2026  6:46:02 AM: The Gold folder ./Gold/ doesn't exist. Creating folder...
Wed, Sep  9, 2026  6:46:02 AM: The Gold folder ./Gold/ created
Wed, Sep  9, 2026  6:46:03 AM: The ETL Process Successfully completed
Wed, Sep  9, 2026  6:53:55 AM: The Extraction Phase started...
Wed, Sep  9, 2026  6:53:55 AM: Checking if the raw folder exists in the current directory...
Wed, Sep  9, 2026  6:53:55 AM: The raw folder ./raw/ exists.
Wed, Sep  9, 2026  6:53:55 AM: Checking if the ./raw/raw_csv.csv file exists in the folder and not empty...
Wed, Sep  9, 2026  6:53:55 AM: The ./raw/raw_csv.csv file exists in the folder and not empty. Skipping Download and proceeding to the Transform Phase
Extraction process complete. Proceeding to Transformation...
Wed, Sep  9, 2026  6:53:56 AM: The Transformation phase started...
Wed, Sep  9, 2026  6:53:56 AM: Checking if the ./Transformed/2023_year_finance.csv already exist and not empty...
Wed, Sep  9, 2026  6:53:56 AM: The ./Transformed/2023_year_finance.csv already exist and not empty. Proceeding to the Load Phase
Wed, Sep  9, 2026  6:53:56 AM: The Load Phase started...
Wed, Sep  9, 2026  6:53:57 AM: Checking if the Gold folder ./Gold/ exists...
Wed, Sep  9, 2026  6:53:57 AM: The Gold folder ./Gold/ exist.
Wed, Sep  9, 2026  6:53:57 AM: Checking if the file 2023_year_finance.csv already exists in the Gold folder...
Wed, Sep  9, 2026  6:53:57 AM: The Gold folder is empty. Loading....
Wed, Sep  9, 2026  6:53:57 AM: The file 2023_year_finance.csv successfully Loaded to the Gold ./Gold/ folder
Wed, Sep  9, 2026  6:53:58 AM: The ETL Process Successfully completed
Wed, Sep  9, 2026  6:54:50 AM: The Extraction Phase started...
Wed, Sep  9, 2026  6:54:50 AM: Checking if the raw folder exists in the current directory...
Wed, Sep  9, 2026  6:54:51 AM: The raw folder ./raw/ exists.
Wed, Sep  9, 2026  6:54:51 AM: Checking if the ./raw/raw_csv.csv file exists in the folder and not empty...
Wed, Sep  9, 2026  6:54:51 AM: The ./raw/raw_csv.csv file exists in the folder and not empty. Skipping Download and proceeding to the Transform Phase
Extraction process complete. Proceeding to Transformation...
Wed, Sep  9, 2026  6:54:51 AM: The Transformation phase started...
Wed, Sep  9, 2026  6:54:51 AM: Checking if the ./Transformed/2023_year_finance.csv already exist and not empty...
Wed, Sep  9, 2026  6:54:52 AM: The ./Transformed/2023_year_finance.csv already exist and not empty. Proceeding to the Load Phase
Wed, Sep  9, 2026  6:54:52 AM: The Load Phase started...
Wed, Sep  9, 2026  6:54:52 AM: Checking if the Gold folder ./Gold/ exists...
Wed, Sep  9, 2026  6:54:52 AM: The Gold folder ./Gold/ exist.
Wed, Sep  9, 2026  6:54:53 AM: Checking if the file 2023_year_finance.csv already exists in the Gold folder...
Wed, Sep  9, 2026  6:54:53 AM: The Gold folder is empty. Loading....
Wed, Sep  9, 2026  6:54:53 AM: The file 2023_year_finance.csv successfully Loaded to the Gold ./Gold/ folder
Wed, Sep  9, 2026  6:54:53 AM: The ETL Process Successfully completed
Wed, Sep  9, 2026  6:55:22 AM: The Extraction Phase started...
Wed, Sep  9, 2026  6:55:22 AM: Checking if the raw folder exists in the current directory...
Wed, Sep  9, 2026  6:55:23 AM: The raw folder ./raw/ exists.
Wed, Sep  9, 2026  6:55:23 AM: Checking if the ./raw/raw_csv.csv file exists in the folder and not empty...
Wed, Sep  9, 2026  6:55:23 AM: The ./raw/raw_csv.csv file exists in the folder and not empty. Skipping Download and proceeding to the Transform Phase
Extraction process complete. Proceeding to Transformation...
Wed, Sep  9, 2026  6:55:23 AM: The Transformation phase started...
Wed, Sep  9, 2026  6:55:24 AM: Checking if the ./Transformed/2023_year_finance.csv already exist and not empty...
Wed, Sep  9, 2026  6:55:24 AM: The ./Transformed/2023_year_finance.csv already exist and not empty. Proceeding to the Load Phase
Wed, Sep  9, 2026  6:55:24 AM: The Load Phase started...
Wed, Sep  9, 2026  6:55:24 AM: Checking if the Gold folder ./Gold/ exists...
Wed, Sep  9, 2026  6:55:24 AM: The Gold folder ./Gold/ exist.
Wed, Sep  9, 2026  6:55:24 AM: Checking if the file 2023_year_finance.csv already exists in the Gold folder...
Wed, Sep  9, 2026  6:55:25 AM: The file 2023_year_finance.csv already exists in the Gold folder and not empty. Aborting Load....
Wed, Sep  9, 2026  6:55:25 AM: The ETL Process Successfully completed
Wed, Sep  9, 2026  6:57:37 AM: The Extraction Phase started...
Wed, Sep  9, 2026  6:57:37 AM: Checking if the raw folder exists in the current directory...
Wed, Sep  9, 2026  6:57:37 AM: The raw folder ./raw/ exists.
Wed, Sep  9, 2026  6:57:37 AM: Checking if the ./raw/raw_csv.csv file exists in the folder and not empty...
Wed, Sep  9, 2026  6:57:37 AM: The ./raw/raw_csv.csv file exists in the folder and not empty. Skipping Download and proceeding to the Transform Phase
Extraction process complete. Proceeding to Transformation...
Wed, Sep  9, 2026  6:57:38 AM: The Transformation phase started...
Wed, Sep  9, 2026  6:57:38 AM: Checking if the ./Transformed/2023_year_finance.csv already exist and not empty...
Wed, Sep  9, 2026  6:57:38 AM: The ./Transformed/2023_year_finance.csv already exist and not empty. Proceeding to the Load Phase
Wed, Sep  9, 2026  6:57:39 AM: The Load Phase started...
Wed, Sep  9, 2026  6:57:39 AM: Checking if the Gold folder ./Gold/ exists...
Wed, Sep  9, 2026  6:57:39 AM: The Gold folder ./Gold/ exist.
Wed, Sep  9, 2026  6:57:39 AM: Checking if the file 2023_year_finance.csv already exists in the Gold folder...
Wed, Sep  9, 2026  6:57:39 AM: The file 2023_year_finance.csv already exists in the Gold folder and not empty. Aborting Load....
Wed, Sep  9, 2026  6:57:39 AM: The ETL Process Successfully completed
Wed, Sep  9, 2026  7:07:41 AM: The Extraction Phase started...
Wed, Sep  9, 2026  7:07:41 AM: Checking if the raw folder exists in the current directory...
Wed, Sep  9, 2026  7:07:41 AM: The raw folder ./raw/ exists.
Wed, Sep  9, 2026  7:07:42 AM: Checking if the ./raw/raw_csv.csv file exists in the folder and not empty...
Wed, Sep  9, 2026  7:07:42 AM: The ./raw/raw_csv.csv file exists in the folder and not empty. Skipping Download and proceeding to the Transform Phase
Extraction process complete. Proceeding to Transformation...
Wed, Sep  9, 2026  7:07:42 AM: The Transformation phase started...
Wed, Sep  9, 2026  7:07:42 AM: Checking if the ./Transformed/2023_year_finance.csv already exist and not empty...
Wed, Sep  9, 2026  7:07:42 AM: The ./Transformed/2023_year_finance.csv already exist, not empty and up to date. Proceeding to the Load Phase
Wed, Sep  9, 2026  7:07:43 AM: The Load Phase started...
Wed, Sep  9, 2026  7:07:43 AM: Checking if the Gold folder ./Gold/ exists...
Wed, Sep  9, 2026  7:07:43 AM: The Gold folder ./Gold/ exist.
Wed, Sep  9, 2026  7:07:43 AM: Checking if the file 2023_year_finance.csv already exists in the Gold folder...
Wed, Sep  9, 2026  7:07:43 AM: The file 2023_year_finance.csv already exists in the Gold folder,not empty and up to date. Aborting Load....
Wed, Sep  9, 2026  7:07:43 AM: The ETL Process Successfully completed
Wed, Sep  9, 2026  7:12:31 AM: The Extraction Phase started...
Wed, Sep  9, 2026  7:12:31 AM: Checking if the raw folder exists in the current directory...
Wed, Sep  9, 2026  7:12:31 AM: The raw folder ./raw/ exists.
Wed, Sep  9, 2026  7:12:31 AM: Checking if the ./raw/raw_csv.csv file exists in the folder and not empty...
Wed, Sep  9, 2026  7:12:32 AM: The ./raw/raw_csv.csv file exists in the folder and not empty. Skipping Download and proceeding to the Transform Phase
Extraction process complete. Proceeding to Transformation...
Wed, Sep  9, 2026  7:12:32 AM: The Transformation phase started...
Wed, Sep  9, 2026  7:12:32 AM: Renaming the column Variable_code to variable_code
Wed, Sep  9, 2026  7:12:33 AM: Column Variable_code renamed to variable_code and backup of original saved as ./raw/raw_csv.csv.bckup
Wed, Sep  9, 2026  7:12:33 AM: Checking if the ./Transformed/2023_year_finance.csv already exist and not empty...
Wed, Sep  9, 2026  7:12:33 AM: The file does not exist. Creating file...
Wed, Sep  9, 2026  7:12:34 AM: File ./Transformed/2023_year_finance.csv created. Proceeding to extracting the necessary columns...
Wed, Sep  9, 2026  7:12:34 AM: Columns extracted and saved as 2023_year_finance.csv in the ./Transformed/ folder
Wed, Sep  9, 2026  7:12:34 AM: The Transformation phase complete. Proceeding to the Load Phase...
Wed, Sep  9, 2026  7:12:34 AM: The Load Phase started...
Wed, Sep  9, 2026  7:12:35 AM: Checking if the Gold folder ./Gold/ exists...
Wed, Sep  9, 2026  7:12:35 AM: The Gold folder ./Gold/ exist.
Wed, Sep  9, 2026  7:12:35 AM: Checking if the file 2023_year_finance.csv already exists in the Gold folder...
Wed, Sep  9, 2026  7:12:35 AM: The Gold folder is empty. Loading....
Wed, Sep  9, 2026  7:12:35 AM: The file 2023_year_finance.csv successfully Loaded to the Gold ./Gold/ folder
Wed, Sep  9, 2026  7:12:36 AM: The ETL Process Successfully completed
